0010101011011000
1011011001011010
0101010000100101
1011001001101110
0111011001011111
