0000000000000000
0101110011001000
0100011100010011
0001100011111111
1010001111101011
1000011000111011
0011100000010001
1110110110011000
0111100100110101
0100010110100010
0010100100101001
1011000011110100
1000011010010101
1010001000011101
