0000000000000000
0101110011001000
1011111011111010
1110101001001101
0111010000001011
0100001001001101
0111000001001011
0101011111010010
1001111001101110
1010001111101011
0001110001100010
0011111010101000
0110101110001010
1101001000100100
1111011110101011
0010100111101111
0110101001001111
1110110110011000
0001010011111100
1001011001100010
1110101100001101
0100110010010010
0100110101100111
0011111011001000
1111000100100111
0010100100101001
0000010011101000
0100010111111101
1100010000000111
1011111111101100
1111011000110100
0101100001100001
0011001010100001
1010001000011101
