0000000000000000
0101110011001000
0001001110100110
0010111101001111
1001111001101110
0001110101001111
1101101101110111
0010100111101111
1110001100111010
0111100100110101
0100110101100111
1001001101110101
0010001010110100
1011111111101100
0101111110010100
1001001101011010
