0010101011011000
0101010000100101
0111011001011111
