0000000000000000
0101110011001000
1010110000100110
1111000110001011
0111000001001011
1010100001110011
1110111010111100
0011111010101000
1101101101110111
0011100000010001
0110101001001111
0000100111011110
1000101110100100
0100110010010010
1000111011000010
1001001101110101
0000010011101000
1011000011110100
1100000011101001
0101100001100001
0011100011100000
