0000000000000000
0101110011001000
1110101001001101
0100001001001101
0101011111010010
1010001111101011
0011111010101000
1101001000100100
0010100111101111
1110110110011000
1001011001100010
0100110010010010
0011111011001000
0010100100101001
0100010111111101
1011111111101100
0101100001100001
1010001000011101
