0010101011011000
0100010101101010
1011011001011010
1110000011011100
0101010000100101
1011100111001011
1011001001101110
0010110100010110
0111011001011111
1101100011111100
