0010101011011000
0010111101000101
0011001110110011
0011100000100001
0011110010001110
0100000011111100
0100010101101010
0010110110010010
0001010110111010
1111110111100010
1110011000001010
1100111000110010
1011011001011010
1011110101110000
1100010010000110
1100101110011011
1101001010110001
1101100111000111
1110000011011100
1111010000010011
0000011101001001
0001101010000000
0010110110110111
0100000011101110
0101010000100101
0011101001101011
0010000010110001
0000011011111000
1110110100111111
1101001110000101
1011100111001011
1011100010010001
1011011101010111
1011011000011101
1011010011100011
1011001110101001
1011001001101110
1100011011100000
1101101101010001
1110111111000010
0000010000110011
0001100010100100
0010110100010110
0011100101001100
0100010110000011
0101000110111010
0101110111110001
0110101000101000
0111011001011111
0101110000100011
0100000111101000
0010011110101101
0000110101110010
1111001100111000
1101100011111100
