0010101011011000
0011001110110011
0011110010001110
0100010101101010
0001010110111010
1110011000001010
1011011001011010
1100010010000110
1101001010110001
1110000011011100
0000011101001001
0010110110110111
0101010000100101
0010000010110001
1110110100111111
1011100111001011
1011011101010111
1011010011100011
1011001001101110
1101101101010001
0000010000110011
0010110100010110
0100010110000011
0101110111110001
0111011001011111
0100000111101000
0000110101110010
1101100011111100
