0010101011011000
0011100000100001
0100010101101010
1111110111100010
1011011001011010
1100101110011011
1110000011011100
0001101010000000
0101010000100101
0000011011111000
1011100111001011
1011011000011101
1011001001101110
1110111111000010
0010110100010110
0101000110111010
0111011001011111
0010011110101101
1101100011111100
