0010101011011000
0011000000101000
0011010101111000
0011101011001001
0100000000011001
0100010101101010
0010100011001101
0000110000110000
1110111110010100
1101001011110111
1011011001011010
1011111011011011
1100011101011011
1100111111011100
1101100001011100
1110000011011100
1111011111101011
0000111011111001
0010011000000111
0011110100010110
0101010000100101
0011010101000110
0001011001100111
1111011110001001
1101100010101010
1011100111001011
1011100001010010
1011011011011001
1011010101100000
1011001111100111
1011001001101110
1100101011110110
1110001101111110
1111110000000110
0001010010001110
0010110100010110
0011101110111110
0100101001100110
0101100100001110
0110011110110110
0111011001011111
0101011011100100
0011011101101010
0001011111110000
1111100001110111
1101100011111100
