0010101011011000
0011000101111100
0011100000100001
0011111011000101
0100010101101010
0010000110100110
1111110111100010
1101101000011110
1011011001011010
1100000011111011
1100101110011011
1101011000111100
1110000011011100
1111110110101111
0001101010000000
0011011101010010
0101010000100101
0010110110001110
0000011011111000
1110000001100010
1011100111001011
1011011111110100
1011011000011101
1011010001000110
1011001001101110
1101000100011000
1110111111000010
0000111001101100
0010110100010110
0011111101101000
0101000110111010
0110010000001100
0111011001011111
0100111100000110
0010011110101101
0000000001010100
1101100011111100
