1001011101010000
0111110011010001
0011101100101000
0101010100101010
0001011101100100
1100110011010011
1001100111000000
0100101011110010
0110110010101110
1000001101100111
0111110111101011
0110001111101001
0010111000110011
1101001111111010
