1001011101010000
1001110100011000
0011110111100011
0101100110010110
0010000010110110
0000101001100101
0100010010110001
1001100111000000
0100110101110011
1000010110010101
0001001000100010
1101100000010111
0100010110001010
1100000010100001
0010111000110011
1110011011101111
1100010001000111
