1001011101010000
0100100000010101
0000100011100100
0010000010110110
0010111111100110
1011111101100110
0100110101110011
0110110010101110
1001110110010101
0100010110001010
1000100110100111
1110100011101111
1100010001000111
