1001011101010000
1110111001001010
1000110001011011
1001110010011111
1110000011101110
1010110010110000
0000101001100101
1100110011010011
1011111101100110
1000101011000110
1000111100110111
0011110001011100
0001001000100010
0111001010101100
0111110111101011
1111001100001001
1000100110100111
0010101000000001
1110011011101111
1000101101000010
