1001011101010000
1001101000010001
1001110100011000
1001001011000101
0011110111100011
1001110010011111
0101100110010110
0101010100101010
0010000010110110
1111111011011001
0000101001100101
0111000111001100
0100010010110001
1100100010110011
1001100111000000
1000101011000110
0100110101110011
1100001111110011
1000010110010101
0110101001001111
0001001000100010
1000001101100111
1101100000010111
0010101101000011
0100010110001010
1111001100001001
1100000010100001
1100001100101001
0010111000110011
1110101101010001
1110011011101111
0101010010101100
1100010001000111
