1001011101010000
1000001000010111
0100100000010101
0011110111100011
0000100011100100
1110000011101110
0010000010110110
0001011101100100
0010111111100110
0100010010110001
1011111101100110
1101000000011000
0100110101110011
0100110010001011
0110110010101110
0001001000100010
1001110110010101
1100110010110001
0100010110001010
1001010010101001
1000100110100111
0010111000110011
1110100011101111
0100101011100011
1100010001000111
