1001011101010000
1100111000110110
1000001000010111
1001110100011000
0100100000010101
1000110001011011
0011110111100011
0011101100101000
0000100011100100
0101100110010110
1110000011101110
0010010100111011
0010000010110110
0110001101111100
0001011101100100
0000101001100101
0010111111100110
0100011010111001
0100010010110001
0100100010101100
1011111101100110
1001100111000000
1101000000011000
1010000001000010
0100110101110011
1000111100110111
0100110010001011
1000010110010101
0110110010101110
1001011101100111
0001001000100010
0100000010101001
1001110110010101
1101100000010111
1100110010110001
0111110111101011
0100010110001010
1010001011110011
1001010010101001
1100000010100001
1000100110100111
1101110000001101
0010111000110011
1101000110110111
1110100011101111
1110011011101111
0100101011100011
0000010000101001
1100010001000111
