00000000:	c6b6	62ec	b173	c53c
00000008:	c7bb	4212	057f	9c0b
00000010:	a283	e000	b98c	9dcf
00000018:	5fea	ee7d	6c93	3dfb

00000020:	9d29	a982	563b	f87a
00000028:	5814	dfc7	0059	a377
00000030:	2cf9	8a11	099f	093a
00000038:	2e95	d5a8	7483	6dd8

00000040:	3367	c34a	35b7	c554
00000048:	fe5b	78e0	cffb	91da
00000050:	1cef	d42c	9bda	3e97
00000058:	2cec	a64c	4105	6f74

00000060:	1d66	95f1	bd5c	c1b2
00000068:	e2a0	522f	b390	5edd
00000070:	08dd	11d6	06ac	9bcb
00000078:	82b9	85d0	caa1	d88f

00000080:	5d64	c9d9	aa7b	5f40
00000088:	e3b8	fa21	2f52	1451
00000090:	423c	0f18	7b45	7866
00000098:	84c4	40d9	10cb	3453

000000a0:	3e48	4ab7	8111	3a95
000000a8:	27ab	3f56	2cae	d0b0
000000b0:	24ee	146c	f681	8377
000000b8:	65db	117d	e96a	6fd1

000000c0:	63b3	c2d8	2929	f380
000000c8:	66e4	fe1c	082a	ca2d
000000d0:	d155	6dcc	d897	9f97
000000d8:	4f4b	57c4	4f0e	d20c