00000000:	809b	35b1	2ebd	e5df
00000008:	c92c	2a80	f603	e2ff
00000010:	3528	cf01	a58f	409d
00000018:	da0a	ec3c	099c	823e

00000020:	6bdb	69a1	7c33	a916
00000028:	d7f5	4135	71c4	f73b
00000030:	c9ad	5235	a803	6af9
00000038:	be72	a04c	6524	f6e9

00000040:	074e	d433	eff6	a328
00000048:	7d4b	0ecb	32dc	a955
00000050:	1c92	6ce3	098a	2869
00000058:	5d79	7707	1cc6	b13d

00000060:	09e6	fdc6	dec3	2f04
00000068:	38a2	ca8c	9e84	fe61
00000070:	5f86	1b5d	7c27	194b
00000078:	2421	e0fe	2673	7b72

00000080:	3bcf	f58f	db54	cd59
00000088:	6da1	c6ec	d7e1	f577
00000090:	9563	ccd3	d99b	69e3
00000098:	522a	360f	a6ed	a467

000000a0:	7361	16f6	c574	9de5
000000a8:	304c	64da	7c38	bedb
000000b0:	8d01	db08	91c6	51a8
000000b8:	333c	3ae7	f705	f122

000000c0:	845e	6ed0	4b5e	f121
000000c8:	b7f8	81ab	92fa	e07c
000000d0:	f936	1f1f	4956	db79
000000d8:	9af3	473f	06ff	08f7

000000e0:	b22a	5fad	3631	f0b2
000000e8:	6166	315d	44de	926c
000000f0:	7d99	4750	2cbf	4681
000000f8:	a2b0	0a60	e768	2dc9

00000100:	8ee2	e438	57e8	2b6a
00000108:	474b	ce34	e684	c438
00000110:	6884	5ec2	99e4	c7a7
00000118:	7531	77ea	b639	ea99