00000000:	225d	1260	0810	b000
00000008:	1697	87f1	c0bb	b917
00000010:	e42f	ee59	3e65	b7b8
00000018:	cf86	8c4c	27a3	9901

00000020:	3eee	e971	165b	dbb4
00000028:	1645	c756	e800	f68d
00000030:	6e21	a8e0	c5e9	3754
00000038:	cbac	4743	38fe	5bf8

00000040:	78ed	68ec	769e	b50d
00000048:	5de5	76a7	5f28	46a4
00000050:	5599	5bbf	0318	00b1
00000058:	d621	e11f	1709	9d68

00000060:	bc4d	d137	6ff5	06f6
00000068:	f069	cc76	7d0b	2401
00000070:	0171	4233	c5b2	4fdd
00000078:	de99	6d75	6b71	e0e3

00000080:	c0f1	42d6	95da	b2b4
00000088:	550b	5223	bb78	2426
00000090:	8c9a	8559	8d5b	5006
00000098:	9396	1c7c	0bd9	31a8

000000a0:	4fbb	34e5	f129	9e19
000000a8:	0a14	f3ea	4c47	dab1
000000b0:	7163	9b78	c45c	0ab6
000000b8:	e406	fd42	4941	11f5

000000c0:	c61b	7827	5fcf	b9f0
000000c8:	653f	b5cd	cc27	a135
000000d0:	454f	6678	88ba	64b9
000000d8:	50f1	dafe	4d99	7698

000000e0:	5b91	765d	9edc	5386
000000e8:	e33d	44d6	1013	2fcc
000000f0:	018c	ac8b	e4f7	d64a
000000f8:	ffd6	46af	9bf6	9340

00000100:	39a9	2cbf	df66	5aed
00000108:	1df8	833c	f175	f88a
00000110:	1516	c580	e43d	3c36
00000118:	c589	e85c	5027	4cb3

00000120:	4f52	1af8	d6be	b046
00000128:	3e84	1711	d726	2fa6
00000130:	bba5	5ccf	396c	ed9d
00000138:	8c52	bee5	fbfe	eb85

00000140:	4a30	ffd6	5c12	3fd7
00000148:	5f2e	f775	0ffb	a258
00000150:	9bc3	44bf	a647	4bf4
00000158:	ba59	2242	d4a5	f20a

00000160:	3500	e182	86a0	3e8d
00000168:	b03f	f53e	9ff9	911c
00000170:	8a51	d259	295e	73d4
00000178:	0c95	f37d	3f1f	00ef

00000180:	5045	9f62	02b6	a356
00000188:	2895	e62e	4e81	789e
00000190:	ac91	f5dc	594a	fb6d
00000198:	a83d	effe	cfb6	3d9b

000001a0:	b224	b2d8	7158	24cf
000001a8:	e983	893f	1143	98b2
000001b0:	18b4	66c6	4880	124b
000001b8:	0022	64cd	7d2b	855f

000001c0:	bba7	87fd	0bd6	c2a2
000001c8:	ccd1	b9b8	279c	d7a7
000001d0:	5f95	10cd	5151	1cbe
000001d8:	1dd6	6a1a	1c0f	1ac3

000001e0:	c3f0	6b75	5cb5	bcf7
000001e8:	046b	6d89	0cea	f6d1
000001f0:	d2c6	43a4	33b6	57f6
000001f8:	7a67	79d6	38f1	9178

00000200:	2ab2	daf8	dd85	f01a
00000208:	4156	1d16	2ccc	bd0b
00000210:	10e1	b555	088a	b8c6
00000218:	b6a3	509a	4229	2018

00000220:	16ee	8480	0345	d036
00000228:	2fd4	7b24	43d2	118f
00000230:	b2ab	6150	6d1b	22e7
00000238:	c487	6f57	ec9a	fe90